// Jest Snapshot v1, https://goo.gl/fbAQLP

exports[`Render should render component 1`] = `
<div
  className="page-action-bar"
>
  <div
    className="gf-form gf-form--grow"
  >
    <ForwardRef
      inputClassName="gf-form-input width-24"
      labelClassName="gf-form--has-input-icon"
      onChange={[MockFunction]}
      placeholder="Filter by name or type"
      value=""
    />
  </div>
  <div
    className="page-action-bar__spacer"
  />
  <a
    className="btn btn-primary css-e54m17"
    href="some/url"
    target="_blank"
  >
    test
  </a>
</div>
`;
